// Jest Snapshot v1, https://goo.gl/fbAQLP

exports[`snapshot test: the html matches 1`] = `
<article>
  <h3>
    Title: 
    title
  </h3>
  <a
    href="url"
  >
    URL: 
    url
  </a>
</article>
`;
